error[E0277]: the trait bound `SelectStatement<FromClause<users::table>, diesel::query_builder::select_clause::SelectClause<columns::id>>: IntoUpdateTarget` is not satisfied
  --> tests/fail/cannot_update_target_with_methods_other_than_filter_called.rs:15:26
   |
15 |     let command = update(users.select(id)).set(id.eq(1));
   |                   ------ ^^^^^^^^^^^^^^^^ unsatisfied trait bound
   |                   |
   |                   required by a bound introduced by this call
   |
   = help: the trait `Identifiable` is not implemented for `SelectStatement<FromClause<users::table>, diesel::query_builder::select_clause::SelectClause<columns::id>>`
   = help: the trait `IntoUpdateTarget` is implemented for `SelectStatement<FromClause<F>, diesel::query_builder::select_clause::DefaultSelectClause<FromClause<F>>, diesel::query_builder::distinct_clause::NoDistinctClause, W>`
   = note: required for `SelectStatement<FromClause<users::table>, diesel::query_builder::select_clause::SelectClause<columns::id>>` to implement `IntoUpdateTarget`
note: required by a bound in `diesel::update`
  --> $DIESEL/src/query_builder/functions.rs
   |
   | pub fn update<T: IntoUpdateTarget>(source: T) -> UpdateStatement<T::Table, T::WhereClause> {
   |                  ^^^^^^^^^^^^^^^^ required by this bound in `update`

error[E0277]: the trait bound `SelectStatement<FromClause<users::table>, diesel::query_builder::select_clause::DefaultSelectClause<FromClause<users::table>>, diesel::query_builder::distinct_clause::NoDistinctClause, diesel::query_builder::where_clause::NoWhereClause, diesel::query_builder::order_clause::OrderClause<columns::id>>: IntoUpdateTarget` is not satisfied
  --> tests/fail/cannot_update_target_with_methods_other_than_filter_called.rs:16:26
   |
16 |     let command = update(users.order(id)).set(id.eq(1));
   |                   ------ ^^^^^^^^^^^^^^^ unsatisfied trait bound
   |                   |
   |                   required by a bound introduced by this call
   |
   = help: the trait `Identifiable` is not implemented for `SelectStatement<FromClause<users::table>, diesel::query_builder::select_clause::DefaultSelectClause<FromClause<users::table>>, diesel::query_builder::distinct_clause::NoDistinctClause, diesel::query_builder::where_clause::NoWhereClause, diesel::query_builder::order_clause::OrderClause<columns::id>>`
   = help: the trait `IntoUpdateTarget` is implemented for `SelectStatement<FromClause<F>, diesel::query_builder::select_clause::DefaultSelectClause<FromClause<F>>, diesel::query_builder::distinct_clause::NoDistinctClause, W>`
   = note: required for `SelectStatement<FromClause<users::table>, diesel::query_builder::select_clause::DefaultSelectClause<FromClause<users::table>>, diesel::query_builder::distinct_clause::NoDistinctClause, diesel::query_builder::where_clause::NoWhereClause, diesel::query_builder::order_clause::OrderClause<columns::id>>` to implement `IntoUpdateTarget`
note: required by a bound in `diesel::update`
  --> $DIESEL/src/query_builder/functions.rs
   |
   | pub fn update<T: IntoUpdateTarget>(source: T) -> UpdateStatement<T::Table, T::WhereClause> {
   |                  ^^^^^^^^^^^^^^^^ required by this bound in `update`

error[E0277]: the trait bound `SelectStatement<FromClause<users::table>, diesel::query_builder::select_clause::SelectClause<columns::id>>: Identifiable` is not satisfied
  --> tests/fail/cannot_update_target_with_methods_other_than_filter_called.rs:15:19
   |
15 |     let command = update(users.select(id)).set(id.eq(1));
   |                   ^^^^^^^^^^^^^^^^^^^^^^^^ unsatisfied trait bound
   |
   = help: the trait `Identifiable` is not implemented for `SelectStatement<FromClause<users::table>, diesel::query_builder::select_clause::SelectClause<columns::id>>`
   = help: the trait `IntoUpdateTarget` is implemented for `SelectStatement<FromClause<F>, diesel::query_builder::select_clause::DefaultSelectClause<FromClause<F>>, diesel::query_builder::distinct_clause::NoDistinctClause, W>`
   = note: required for `SelectStatement<FromClause<users::table>, diesel::query_builder::select_clause::SelectClause<columns::id>>` to implement `IntoUpdateTarget`

error[E0277]: the trait bound `SelectStatement<FromClause<users::table>, diesel::query_builder::select_clause::DefaultSelectClause<FromClause<users::table>>, diesel::query_builder::distinct_clause::NoDistinctClause, diesel::query_builder::where_clause::NoWhereClause, diesel::query_builder::order_clause::OrderClause<columns::id>>: Identifiable` is not satisfied
  --> tests/fail/cannot_update_target_with_methods_other_than_filter_called.rs:16:19
   |
16 |     let command = update(users.order(id)).set(id.eq(1));
   |                   ^^^^^^^^^^^^^^^^^^^^^^^ unsatisfied trait bound
   |
   = help: the trait `Identifiable` is not implemented for `SelectStatement<FromClause<users::table>, diesel::query_builder::select_clause::DefaultSelectClause<FromClause<users::table>>, diesel::query_builder::distinct_clause::NoDistinctClause, diesel::query_builder::where_clause::NoWhereClause, diesel::query_builder::order_clause::OrderClause<columns::id>>`
   = help: the trait `IntoUpdateTarget` is implemented for `SelectStatement<FromClause<F>, diesel::query_builder::select_clause::DefaultSelectClause<FromClause<F>>, diesel::query_builder::distinct_clause::NoDistinctClause, W>`
   = note: required for `SelectStatement<FromClause<users::table>, diesel::query_builder::select_clause::DefaultSelectClause<FromClause<users::table>>, diesel::query_builder::distinct_clause::NoDistinctClause, diesel::query_builder::where_clause::NoWhereClause, diesel::query_builder::order_clause::OrderClause<columns::id>>` to implement `IntoUpdateTarget`
