error[E0277]: the trait bound `SelectStatement<FromClause<users::table>, diesel::query_builder::select_clause::DefaultSelectClause<FromClause<users::table>>, diesel::query_builder::distinct_clause::NoDistinctClause, diesel::query_builder::where_clause::WhereClause<diesel::expression::grouped::Grouped<diesel::expression::operators::Eq<posts::columns::id, diesel::expression::bound::Bound<diesel::sql_types::Integer, i32>>>>>: IntoUpdateTarget` is not satisfied
  --> tests/fail/update_requires_valid_where_clause.rs:23:12
   |
23 |     update(users::table.filter(posts::id.eq(1)));
   |     ------ ^^^^^^^^^^^^^^^^^^^^^^^^^^^^^^^^^^^^ unsatisfied trait bound
   |     |
   |     required by a bound introduced by this call
   |
   = help: the trait `IntoUpdateTarget` is not implemented for `SelectStatement<FromClause<users::table>, diesel::query_builder::select_clause::DefaultSelectClause<FromClause<users::table>>, diesel::query_builder::distinct_clause::NoDistinctClause, diesel::query_builder::where_clause::WhereClause<diesel::expression::grouped::Grouped<diesel::expression::operators::Eq<posts::columns::id, diesel::expression::bound::Bound<diesel::sql_types::Integer, i32>>>>>`
   = help: the trait `IntoUpdateTarget` is implemented for `SelectStatement<FromClause<F>, diesel::query_builder::select_clause::DefaultSelectClause<FromClause<F>>, diesel::query_builder::distinct_clause::NoDistinctClause, W>`
note: required by a bound in `diesel::update`
  --> $DIESEL/src/query_builder/functions.rs
   |
   | pub fn update<T: IntoUpdateTarget>(source: T) -> UpdateStatement<T::Table, T::WhereClause> {
   |                  ^^^^^^^^^^^^^^^^ required by this bound in `update`
help: consider removing this method call, as the receiver has type `users::table` and `users::table: IntoUpdateTarget` trivially holds
   |
23 -     update(users::table.filter(posts::id.eq(1)));
23 +     update(users::table);
   |

error[E0271]: type mismatch resolving `<table as AppearsInFromClause<table>>::Count == Once`
  --> tests/fail/update_requires_valid_where_clause.rs:25:26
   |
25 |     update(users::table).filter(posts::id.eq(1));
   |                          ^^^^^^ expected `Once`, found `Never`
   |
note: required for `posts::columns::id` to implement `AppearsOnTable<users::table>`
  --> tests/fail/update_requires_valid_where_clause.rs:13:9
   |
13 |         id -> Integer,
   |         ^^
   = note: associated types for the current `impl` cannot be restricted in `where` clauses
   = note: 2 redundant requirements hidden
   = note: required for `diesel::expression::grouped::Grouped<diesel::expression::operators::Eq<posts::columns::id, diesel::expression::bound::Bound<diesel::sql_types::Integer, i32>>>` to implement `AppearsOnTable<users::table>`
   = note: required for `UpdateStatement<users::table, diesel::query_builder::where_clause::NoWhereClause>` to implement `FilterDsl<diesel::expression::grouped::Grouped<diesel::expression::operators::Eq<posts::columns::id, diesel::expression::bound::Bound<diesel::sql_types::Integer, i32>>>>`

error[E0271]: type mismatch resolving `<table as AppearsInFromClause<table>>::Count == Once`
  --> tests/fail/update_requires_valid_where_clause.rs:29:10
   |
29 |         .filter(posts::id.eq(1));
   |          ^^^^^^ expected `Once`, found `Never`
   |
note: required for `posts::columns::id` to implement `AppearsOnTable<users::table>`
  --> tests/fail/update_requires_valid_where_clause.rs:13:9
   |
13 |         id -> Integer,
   |         ^^
   = note: associated types for the current `impl` cannot be restricted in `where` clauses
   = note: 2 redundant requirements hidden
   = note: required for `diesel::expression::grouped::Grouped<diesel::expression::operators::Eq<posts::columns::id, diesel::expression::bound::Bound<diesel::sql_types::Integer, i32>>>` to implement `AppearsOnTable<users::table>`
   = note: required for `UpdateStatement<users::table, diesel::query_builder::where_clause::NoWhereClause, diesel::query_builder::update_statement::changeset::Assign<diesel::query_builder::update_statement::changeset::ColumnWrapperForUpdate<users::columns::id>, diesel::expression::bound::Bound<diesel::sql_types::Integer, i32>>>` to implement `FilterDsl<diesel::expression::grouped::Grouped<diesel::expression::operators::Eq<posts::columns::id, diesel::expression::bound::Bound<diesel::sql_types::Integer, i32>>>>`

error[E0277]: the trait bound `SelectStatement<FromClause<users::table>, diesel::query_builder::select_clause::DefaultSelectClause<FromClause<users::table>>, diesel::query_builder::distinct_clause::NoDistinctClause, diesel::query_builder::where_clause::WhereClause<diesel::expression::grouped::Grouped<diesel::expression::operators::Eq<posts::columns::id, diesel::expression::bound::Bound<diesel::sql_types::Integer, i32>>>>>: IntoUpdateTarget` is not satisfied
  --> tests/fail/update_requires_valid_where_clause.rs:23:5
   |
23 |     update(users::table.filter(posts::id.eq(1)));
   |     ^^^^^^^^^^^^^^^^^^^^^^^^^^^^^^^^^^^^^^^^^^^^ unsatisfied trait bound
   |
   = help: the trait `IntoUpdateTarget` is not implemented for `SelectStatement<FromClause<users::table>, diesel::query_builder::select_clause::DefaultSelectClause<FromClause<users::table>>, diesel::query_builder::distinct_clause::NoDistinctClause, diesel::query_builder::where_clause::WhereClause<diesel::expression::grouped::Grouped<diesel::expression::operators::Eq<posts::columns::id, diesel::expression::bound::Bound<diesel::sql_types::Integer, i32>>>>>`
   = help: the trait `IntoUpdateTarget` is implemented for `SelectStatement<FromClause<F>, diesel::query_builder::select_clause::DefaultSelectClause<FromClause<F>>, diesel::query_builder::distinct_clause::NoDistinctClause, W>`
