---
source: diesel_cli/tests/migration_generate.rs
description: "Test: diff_add_table_with_fk"
snapshot_kind: text
---
// @generated automatically by Diesel CLI.

diesel::table! {
    posts (id) {
        id -> Int4,
        title -> Text,
        body -> Nullable<Text>,
        user_id -> Int4,
    }
}

diesel::table! {
    users (id) {
        id -> Int4,
        name -> Text,
    }
}

diesel::joinable!(posts -> users (user_id));

diesel::allow_tables_to_appear_in_same_query!(posts, users,);
