---
source: diesel_derives/src/tests/mod.rs
expression: out
info:
  input: "#[derive(SqlType)]\n#[diesel(postgres_type(oid = 42, array_oid = 142))]\n#[diesel(mysql_type(name = \"Integer\"))]\n#[diesel(sqlite_type(name = \"Integer\"))]\nstruct Integer;\n"
---
#[allow(unused_imports)]
#[allow(unused_qualifications)]
const _: () = {
    use diesel;
    impl diesel::sql_types::SqlType for Integer {
        type IsNull = diesel::sql_types::is_nullable::NotNull;
        const IS_ARRAY: bool = false;
    }
    impl diesel::sql_types::SingleValue for Integer {}
    impl diesel::sql_types::HasSqlType<Integer> for diesel::mysql::Mysql {
        fn metadata(_: &mut ()) -> diesel::mysql::MysqlType {
            diesel::mysql::MysqlType::Integer
        }
    }
};
